
cody@LAPTOP-TO4068AG MINGW64 /
$ cd gitcode/MyJS/oct2017JS

cody@LAPTOP-TO4068AG MINGW64 /gitcode/MyJS/oct2017JS
$ dir
datastore  gdatastore  painfiles

cody@LAPTOP-TO4068AG MINGW64 /gitcode/MyJS/oct2017JS
$ cd gdatastore

cody@LAPTOP-TO4068AG MINGW64 /gitcode/MyJS/oct2017JS/gdatastore
$ ls
gcomplain.html  gdstemplates/           grightMed1.html
gdsfront.html   gpreventiveHealth.html  gsmile.html

cody@LAPTOP-TO4068AG MINGW64 /gitcode/MyJS/oct2017JS/gdatastore
$ ls
gcomplain.html  gdstemplates/           grightMed1.html  readme.txt
gdsfront.html   gpreventiveHealth.html  gsmile.html

cody@LAPTOP-TO4068AG MINGW64 /gitcode/MyJS/oct2017JS/gdatastore
$ git status
fatal: Not a git repository (or any of the parent directories): .git

cody@LAPTOP-TO4068AG MINGW64 /gitcode/MyJS/oct2017JS/gdatastore
$ git init
Initialized empty Git repository in C:/Users/cody/Downloads/Git/gitcode/MyJS/oct2017JS/gdatastore/.git/

cody@LAPTOP-TO4068AG MINGW64 /gitcode/MyJS/oct2017JS/gdatastore (master)
$ git status
On branch master

Initial commit

Untracked files:
  (use "git add <file>..." to include in what will be committed)

        gcomplain.html
        gdsfront.html
        gdstemplates/
        gpreventiveHealth.html
        grightMed1.html
        gsmile.html
        readme.txt

nothing added to commit but untracked files present (use "git add" to track)

cody@LAPTOP-TO4068AG MINGW64 /gitcode/MyJS/oct2017JS/gdatastore (master)
$ git add .

cody@LAPTOP-TO4068AG MINGW64 /gitcode/MyJS/oct2017JS/gdatastore (master)
$ git status
On branch master

Initial commit

Changes to be committed:
  (use "git rm --cached <file>..." to unstage)

        new file:   gcomplain.html
        new file:   gdsfront.html
        new file:   gdstemplates/gdsimages/gcomplain1.JPG
        new file:   gdstemplates/gdsimages/gprevent1.JPG
        new file:   gdstemplates/gdsimages/grightMeds1.JPG
        new file:   gdstemplates/gdsimages/gsmile.JPG
        new file:   gdstemplates/gdsstyling/gdstyle1.css
        new file:   gdstemplates/gdsstyling/gdstyle2.css
        new file:   gdstemplates/gdsstyling/gdstyle3.css
        new file:   gdstemplates/gdsstyling/gdstyle4.css
        new file:   gdstemplates/gdstextfiles/complain.txt
        new file:   gdstemplates/gdstextfiles/dsfront.txt
        new file:   gdstemplates/gdstextfiles/dstyle1.txt
        new file:   gdstemplates/gdstextfiles/gitbash1.txt
        new file:   gdstemplates/gdstextfiles/preventiveHealth.txt
        new file:   gdstemplates/gdstextfiles/rightMed1.txt
        new file:   gpreventiveHealth.html
        new file:   grightMed1.html
        new file:   gsmile.html
        new file:   readme.txt


cody@LAPTOP-TO4068AG MINGW64 /gitcode/MyJS/oct2017JS/gdatastore (master)
$ git commit -m "first commit with readme.txt"
[master (root-commit) e5bbe48] first commit with readme.txt
 20 files changed, 646 insertions(+)
 create mode 100644 gcomplain.html
 create mode 100644 gdsfront.html
 create mode 100644 gdstemplates/gdsimages/gcomplain1.JPG
 create mode 100644 gdstemplates/gdsimages/gprevent1.JPG
 create mode 100644 gdstemplates/gdsimages/grightMeds1.JPG
 create mode 100644 gdstemplates/gdsimages/gsmile.JPG
 create mode 100644 gdstemplates/gdsstyling/gdstyle1.css
 create mode 100644 gdstemplates/gdsstyling/gdstyle2.css
 create mode 100644 gdstemplates/gdsstyling/gdstyle3.css
 create mode 100644 gdstemplates/gdsstyling/gdstyle4.css
 create mode 100644 gdstemplates/gdstextfiles/complain.txt
 create mode 100644 gdstemplates/gdstextfiles/dsfront.txt
 create mode 100644 gdstemplates/gdstextfiles/dstyle1.txt
 create mode 100644 gdstemplates/gdstextfiles/gitbash1.txt
 create mode 100644 gdstemplates/gdstextfiles/preventiveHealth.txt
 create mode 100644 gdstemplates/gdstextfiles/rightMed1.txt
 create mode 100644 gpreventiveHealth.html
 create mode 100644 grightMed1.html
 create mode 100644 gsmile.html
 create mode 100644 readme.txt

cody@LAPTOP-TO4068AG MINGW64 /gitcode/MyJS/oct2017JS/gdatastore (master)
$ git status
On branch master
nothing to commit, working tree clean

cody@LAPTOP-TO4068AG MINGW64 /gitcode/MyJS/oct2017JS/gdatastore (master)
$ git remote add origin https://github.com/HannahMoses/gdatastore.git

cody@LAPTOP-TO4068AG MINGW64 /gitcode/MyJS/oct2017JS/gdatastore (master)
$ git push origin master
Counting objects: 26, done.
Delta compression using up to 4 threads.
Compressing objects: 100% (26/26), done.
Writing objects: 100% (26/26), 304.70 KiB | 0 bytes/s, done.
Total 26 (delta 6), reused 0 (delta 0)
remote: Resolving deltas: 100% (6/6), done.
To https://github.com/HannahMoses/gdatastore.git
 * [new branch]      master -> master

cody@LAPTOP--TO4068AG MINGW64 /gitcode/MyJS/oct2017JS/gdatastore (master)
$ exit
